// Jest Snapshot v1, https://goo.gl/fbAQLP

exports[`Component: PokeList should render correctly 1`] = `
<div
  className="sc-gtsrHT fnGONm"
>
  <button
    className="sc-bdnxRM kyGyEC"
    onClick={[Function]}
    role="button"
  />
  <button
    className="sc-bdnxRM kyGyEC"
    onClick={[Function]}
    role="button"
  />
</div>
`;
